Performing C++ SOURCE FILE Test CMAKE_HAVE_LIBC_PTHREAD failed with the following output:
Change Dir: /home/nankai/formation_test/build/CMakeFiles/CMakeTmp

Run Build Command(s):/usr/bin/make cmTC_d201e/fast && /usr/bin/make -f CMakeFiles/cmTC_d201e.dir/build.make CMakeFiles/cmTC_d201e.dir/build
make[1]: 进入目录“/home/nankai/formation_test/build/CMakeFiles/CMakeTmp”
Building CXX object CMakeFiles/cmTC_d201e.dir/src.cxx.o
/usr/bin/c++    -fPIC -DCMAKE_HAVE_LIBC_PTHREAD   -o CMakeFiles/cmTC_d201e.dir/src.cxx.o -c /home/nankai/formation_test/build/CMakeFiles/CMakeTmp/src.cxx
Linking CXX executable cmTC_d201e
/usr/bin/cmake -E cmake_link_script CMakeFiles/cmTC_d201e.dir/link.txt --verbose=1
/usr/bin/c++   -fPIC -DCMAKE_HAVE_LIBC_PTHREAD    -rdynamic CMakeFiles/cmTC_d201e.dir/src.cxx.o  -o cmTC_d201e 
/usr/bin/ld: CMakeFiles/cmTC_d201e.dir/src.cxx.o: in function `main':
src.cxx:(.text+0x46): undefined reference to `pthread_create'
/usr/bin/ld: src.cxx:(.text+0x52): undefined reference to `pthread_detach'
/usr/bin/ld: src.cxx:(.text+0x63): undefined reference to `pthread_join'
collect2: error: ld returned 1 exit status
make[1]: *** [CMakeFiles/cmTC_d201e.dir/build.make:87：cmTC_d201e] 错误 1
make[1]: 离开目录“/home/nankai/formation_test/build/CMakeFiles/CMakeTmp”
make: *** [Makefile:121：cmTC_d201e/fast] 错误 2


Source file was:
#include <pthread.h>

void* test_func(void* data)
{
  return data;
}

int main(void)
{
  pthread_t thread;
  pthread_create(&thread, NULL, test_func, NULL);
  pthread_detach(thread);
  pthread_join(thread, NULL);
  pthread_atfork(NULL, NULL, NULL);
  pthread_exit(NULL);

  return 0;
}

Determining if the function pthread_create exists in the pthreads failed with the following output:
Change Dir: /home/nankai/formation_test/build/CMakeFiles/CMakeTmp

Run Build Command(s):/usr/bin/make cmTC_07e63/fast && /usr/bin/make -f CMakeFiles/cmTC_07e63.dir/build.make CMakeFiles/cmTC_07e63.dir/build
make[1]: 进入目录“/home/nankai/formation_test/build/CMakeFiles/CMakeTmp”
Building CXX object CMakeFiles/cmTC_07e63.dir/CheckFunctionExists.cxx.o
/usr/bin/c++    -fPIC -DCHECK_FUNCTION_EXISTS=pthread_create   -std=gnu++17 -o CMakeFiles/cmTC_07e63.dir/CheckFunctionExists.cxx.o -c /home/nankai/formation_test/build/CMakeFiles/CheckLibraryExists/CheckFunctionExists.cxx
Linking CXX executable cmTC_07e63
/usr/bin/cmake -E cmake_link_script CMakeFiles/cmTC_07e63.dir/link.txt --verbose=1
/usr/bin/c++   -fPIC -DCHECK_FUNCTION_EXISTS=pthread_create    CMakeFiles/cmTC_07e63.dir/CheckFunctionExists.cxx.o  -o cmTC_07e63  -lpthreads 
/usr/bin/ld: 找不到 -lpthreads
collect2: error: ld returned 1 exit status
make[1]: *** [CMakeFiles/cmTC_07e63.dir/build.make:87：cmTC_07e63] 错误 1
make[1]: 离开目录“/home/nankai/formation_test/build/CMakeFiles/CMakeTmp”
make: *** [Makefile:121：cmTC_07e63/fast] 错误 2



